PyTorch 2.13.0 | device = mps
Saved: /Users/cwy/comp3710/part1_dft/outputs/square_wave_reconstruction.png

--- NumPy vs PyTorch implementation agreement ---
square_wave         max deviation: 0.000e+00
square_wave_fourier max deviation: 1.089e-05
naive_dft(NumPy, complex128) vs np.fft.fft: relative error 3.04e-13  allclose=True
naive_dft(GPU,  complex64)  vs np.fft.fft: relative error 1.78e-04  (unavoidable when accumulating N terms in single precision, still within the ~1e-7*sqrt(N) float32 range)

--- DFT components vs the coefficients used to build the wave ---
 harmonic n     measured     4/(n*pi)   rel. error
          1     1.273240     1.273240     0.00e+00
          3     0.424413     0.424413     1.31e-16
          5     0.254648     0.254648     4.36e-16
          7     0.181891     0.181891     4.58e-16
          9     0.141471     0.141471     5.89e-16
         11     0.115749     0.115749     1.32e-15

even bin n=2            : 5.731e-18  (zero: a square wave is half-wave symmetric, so even harmonics cancel)
first missing odd n=101 : 8.831e-17  (zero: only 50 harmonics were synthesised, so there is nothing above n=99;
                          a true square wave would carry energy here for ever)
Amplitudes agree to machine precision because T=1 s and f0=1 Hz put every harmonic
exactly on a bin centre, so there is no spectral leakage. Move f0 off an integer and
each line smears into its neighbours instead.

--- the same wave at f0=1.25 Hz, which falls between bins ---
  bin [Hz]     measured
         0     0.397874
         1     1.209203
         2     0.374858
         3     0.248815
         4     0.304454
         5     0.002127
the fundamental was synthesised with coefficient 1.273240, yet no bin holds it:
  largest single bin: 1.209203  (95.0% of the true value)
Each line has smeared across its neighbours. Integer f0 is what made the earlier
comparison exact; it is a property of the chosen parameters, not of the DFT.
Saved: /Users/cwy/comp3710/part1_dft/outputs/dft_spectrum.png

--- Same O(N^2), different implementations (N=512) ---
Nested Python loops : 0.0568 s
NumPy matrix form   : 0.002254 s  (25x faster)
Results agree       : True

--- DFT timing comparison (seconds, best of 3) ---
                       N=256         N=512         N=1024        N=2048        N=4096        
NumPy naive DFT        0.000573      0.002247      0.009306      0.036935      0.145548      
Torch naive DFT (mps)  0.000659      0.000798      0.002296      0.003923      0.010368      
NumPy FFT              0.000003      0.000004      0.000006      0.000012      0.000018      
Torch FFT (mps)        0.000514      0.000215      0.000218      0.000395      0.000408      

--- Ranking from fastest to slowest for each N ---
N=256    NumPy FFT (0.00 ms)  <  Torch FFT (mps) (0.51 ms)  <  NumPy naive DFT (0.57 ms)  <  Torch naive DFT (mps) (0.66 ms)
N=512    NumPy FFT (0.00 ms)  <  Torch FFT (mps) (0.22 ms)  <  Torch naive DFT (mps) (0.80 ms)  <  NumPy naive DFT (2.25 ms)
N=1024   NumPy FFT (0.01 ms)  <  Torch FFT (mps) (0.22 ms)  <  Torch naive DFT (mps) (2.30 ms)  <  NumPy naive DFT (9.31 ms)
N=2048   NumPy FFT (0.01 ms)  <  Torch FFT (mps) (0.39 ms)  <  Torch naive DFT (mps) (3.92 ms)  <  NumPy naive DFT (36.93 ms)
N=4096   NumPy FFT (0.02 ms)  <  Torch FFT (mps) (0.41 ms)  <  Torch naive DFT (mps) (10.37 ms)  <  NumPy naive DFT (145.55 ms)
Saved: /Users/cwy/comp3710/part1_dft/outputs/dft_timing.png
